// Jest Snapshot v1, https://goo.gl/fbAQLP

exports[`RoomCell Should render the component 1`] = `
<Provider
  theme={
    Object {
      "breakpoints": Array [
        32,
        48,
        64,
        80,
      ],
      "colors": Object {
        "danger": Object {
          "dark": "#661B1B",
          "light": "#FFECEC",
          "main": "#FF4444",
          "semilight": "#FFA1A1",
        },
        "gray": Object {
          "dark": "#9f9f9f",
          "light": "#f4f4f4",
          "main": "#c6c8c9",
        },
        "info": Object {
          "dark": "#0D3C58",
          "light": "#E9F4FB",
          "main": "#2297DE",
          "semilight": "#90CBEE",
        },
        "primary": Object {
          "dark": "#1E87C7",
          "light": "#5FB3E7",
          "main": "#2297DE",
        },
        "quartenary": Object {
          "dark": "#D3D6DB",
          "light": "#F0F3F7",
          "main": "#EBEFF4",
        },
        "secondary": Object {
          "dark": "#E5B01F",
          "light": "#FFD45E",
          "main": "#FFC523",
        },
        "statusConfiguring": Object {
          "main": "#ffb25e",
        },
        "statusIdle": Object {
          "main": "#89c683",
        },
        "statusOffline": Object {
          "main": "#fd7c7c",
        },
        "statusPostProvisioning": Object {
          "main": "#aa96d5",
        },
        "statusUpdating": Object {
          "main": "#7ccdfd",
        },
        "success": Object {
          "dark": "#1E4707",
          "light": "#EDF7E7",
          "main": "#4DB313",
          "semilight": "#A6D989",
        },
        "tertiary": Object {
          "dark": "#2F3033",
          "light": "#7E8085",
          "main": "#4D5057",
        },
        "text": Object {
          "dark": "#1c1d1e",
          "light": "#8f9297",
          "main": "#3c3e42",
        },
        "warning": Object {
          "dark": "#64410D",
          "light": "#FEF5E9",
          "main": "#FCA321",
          "semilight": "#FDD190",
        },
      },
      "fontSizes": Array [
        12,
        14,
        16,
        20,
        24,
        32,
        48,
        64,
        72,
        96,
      ],
      "radius": 3,
      "space": Array [
        0,
        4,
        8,
        16,
        36,
        48,
        128,
      ],
      "weights": Array [
        400,
        700,
      ],
    }
  }
>
  <Connect(RoomCell)
    value="This is a name"
  />
</Provider>
`;
